// Jest Snapshot v1, https://goo.gl/fbAQLP

exports[`FilterableGrid component should render no results component with correct styling 1`] = `
.c0 {
  color: #696969;
}

<NoResults
  theme={
    Object {
      "action": Object {
        "dark": Object {
          "RGB": "79,38,98",
          "hex": "#4E2662",
          "on": "#FFFFFF",
        },
        "light": Object {
          "RGB": "173,101,207",
          "hex": "#AD65CF",
          "on": "#FFFFFF",
        },
        "main": Object {
          "RGB": "116,60,143",
          "hex": "#743C8F",
          "on": "#FFFFFF",
        },
      },
      "background": Object {
        "RGB": "246,246,246",
        "hex": "#F6F6F6",
        "on": "#272727",
      },
      "black": Object {
        "main": Object {
          "RGB": "39,39,39",
          "hex": "#272727",
          "on": "#FFFFFF",
        },
        "tint20": Object {
          "RGB": "236,236,236",
          "hex": "#ECECEC",
          "on": "#272727",
        },
        "tint40": Object {
          "RGB": "199,199,199",
          "hex": "#C7C7C7",
          "on": "#272727",
        },
        "tint60": Object {
          "RGB": "160,160,160",
          "hex": "#A0A0A0",
          "on": "#FFFFFF",
        },
        "tint80": Object {
          "RGB": "105,105,105",
          "hex": "#696969",
          "on": "#FFFFFF",
        },
      },
      "complimentary": Object {
        "dark": Object {
          "RGB": "206,185,0",
          "hex": "#CEB900",
          "on": "#272727",
        },
        "light": Object {
          "RGB": "255,245,157",
          "hex": "#FFF59D",
          "on": "#272727",
        },
        "main": Object {
          "RGB": "255,238,82",
          "hex": "#FFEE52",
          "on": "#272727",
        },
      },
      "error": Object {
        "dark": Object {
          "RGB": "197,73,1",
          "hex": "#C54901",
          "on": "#FFFFFF",
        },
        "main": Object {
          "RGB": "255,115,32",
          "hex": "#FF7320",
          "on": "#FFFFFF",
        },
      },
      "primary": Object {
        "dark": Object {
          "RGB": "102,22,20",
          "hex": "#661614",
          "on": "#FFFFFF",
        },
        "light": Object {
          "RGB": "218,52,47",
          "hex": "#DA342F",
          "on": "#FFFFFF",
        },
        "main": Object {
          "RGB": "164,40,36",
          "hex": "#A42824",
          "on": "#FFFFFF",
        },
      },
      "secondary": Object {
        "dark": Object {
          "RGB": "5,38,59",
          "hex": "#05263B",
          "on": "#FFFFFF",
        },
        "light": Object {
          "RGB": "89,156,175",
          "hex": "#599CAF",
          "on": "#FFFFFF",
        },
        "main": Object {
          "RGB": "11,70,107",
          "hex": "#0B466B",
          "on": "#FFFFFF",
        },
      },
      "surface": Object {
        "RGB": "255,255,255",
        "hex": "#FFFFFF",
        "on": "#272727",
      },
      "white": Object {
        "RGB": "255,255,255",
        "hex": "#FFFFFF",
        "on": "#272727",
      },
    }
  }
>
  <StyledComponent
    forwardedComponent={
      Object {
        "$$typeof": Symbol(react.forward_ref),
        "_foldedDefaultProps": Object {
          "theme": Object {
            "action": Object {
              "dark": Object {
                "RGB": "79,38,98",
                "hex": "#4E2662",
                "on": "#FFFFFF",
              },
              "light": Object {
                "RGB": "173,101,207",
                "hex": "#AD65CF",
                "on": "#FFFFFF",
              },
              "main": Object {
                "RGB": "116,60,143",
                "hex": "#743C8F",
                "on": "#FFFFFF",
              },
            },
            "background": Object {
              "RGB": "246,246,246",
              "hex": "#F6F6F6",
              "on": "#272727",
            },
            "black": Object {
              "main": Object {
                "RGB": "39,39,39",
                "hex": "#272727",
                "on": "#FFFFFF",
              },
              "tint20": Object {
                "RGB": "236,236,236",
                "hex": "#ECECEC",
                "on": "#272727",
              },
              "tint40": Object {
                "RGB": "199,199,199",
                "hex": "#C7C7C7",
                "on": "#272727",
              },
              "tint60": Object {
                "RGB": "160,160,160",
                "hex": "#A0A0A0",
                "on": "#FFFFFF",
              },
              "tint80": Object {
                "RGB": "105,105,105",
                "hex": "#696969",
                "on": "#FFFFFF",
              },
            },
            "complimentary": Object {
              "dark": Object {
                "RGB": "206,185,0",
                "hex": "#CEB900",
                "on": "#272727",
              },
              "light": Object {
                "RGB": "255,245,157",
                "hex": "#FFF59D",
                "on": "#272727",
              },
              "main": Object {
                "RGB": "255,238,82",
                "hex": "#FFEE52",
                "on": "#272727",
              },
            },
            "error": Object {
              "dark": Object {
                "RGB": "197,73,1",
                "hex": "#C54901",
                "on": "#FFFFFF",
              },
              "main": Object {
                "RGB": "255,115,32",
                "hex": "#FF7320",
                "on": "#FFFFFF",
              },
            },
            "primary": Object {
              "dark": Object {
                "RGB": "102,22,20",
                "hex": "#661614",
                "on": "#FFFFFF",
              },
              "light": Object {
                "RGB": "218,52,47",
                "hex": "#DA342F",
                "on": "#FFFFFF",
              },
              "main": Object {
                "RGB": "164,40,36",
                "hex": "#A42824",
                "on": "#FFFFFF",
              },
            },
            "secondary": Object {
              "dark": Object {
                "RGB": "5,38,59",
                "hex": "#05263B",
                "on": "#FFFFFF",
              },
              "light": Object {
                "RGB": "89,156,175",
                "hex": "#599CAF",
                "on": "#FFFFFF",
              },
              "main": Object {
                "RGB": "11,70,107",
                "hex": "#0B466B",
                "on": "#FFFFFF",
              },
            },
            "surface": Object {
              "RGB": "255,255,255",
              "hex": "#FFFFFF",
              "on": "#272727",
            },
            "white": Object {
              "RGB": "255,255,255",
              "hex": "#FFFFFF",
              "on": "#272727",
            },
          },
        },
        "attrs": Array [],
        "componentStyle": ComponentStyle {
          "componentId": "FilterableGrid__NoResults-sc-121qbq7-5",
          "isStatic": false,
          "lastClassName": "c0",
          "rules": Array [
            "color:",
            [Function],
            ";",
          ],
        },
        "displayName": "NoResults",
        "foldedComponentIds": Array [],
        "render": [Function],
        "styledComponentId": "FilterableGrid__NoResults-sc-121qbq7-5",
        "target": "span",
        "toString": [Function],
        "warnTooManyClasses": [Function],
        "withComponent": [Function],
      }
    }
    forwardedRef={null}
    theme={
      Object {
        "action": Object {
          "dark": Object {
            "RGB": "79,38,98",
            "hex": "#4E2662",
            "on": "#FFFFFF",
          },
          "light": Object {
            "RGB": "173,101,207",
            "hex": "#AD65CF",
            "on": "#FFFFFF",
          },
          "main": Object {
            "RGB": "116,60,143",
            "hex": "#743C8F",
            "on": "#FFFFFF",
          },
        },
        "background": Object {
          "RGB": "246,246,246",
          "hex": "#F6F6F6",
          "on": "#272727",
        },
        "black": Object {
          "main": Object {
            "RGB": "39,39,39",
            "hex": "#272727",
            "on": "#FFFFFF",
          },
          "tint20": Object {
            "RGB": "236,236,236",
            "hex": "#ECECEC",
            "on": "#272727",
          },
          "tint40": Object {
            "RGB": "199,199,199",
            "hex": "#C7C7C7",
            "on": "#272727",
          },
          "tint60": Object {
            "RGB": "160,160,160",
            "hex": "#A0A0A0",
            "on": "#FFFFFF",
          },
          "tint80": Object {
            "RGB": "105,105,105",
            "hex": "#696969",
            "on": "#FFFFFF",
          },
        },
        "complimentary": Object {
          "dark": Object {
            "RGB": "206,185,0",
            "hex": "#CEB900",
            "on": "#272727",
          },
          "light": Object {
            "RGB": "255,245,157",
            "hex": "#FFF59D",
            "on": "#272727",
          },
          "main": Object {
            "RGB": "255,238,82",
            "hex": "#FFEE52",
            "on": "#272727",
          },
        },
        "error": Object {
          "dark": Object {
            "RGB": "197,73,1",
            "hex": "#C54901",
            "on": "#FFFFFF",
          },
          "main": Object {
            "RGB": "255,115,32",
            "hex": "#FF7320",
            "on": "#FFFFFF",
          },
        },
        "primary": Object {
          "dark": Object {
            "RGB": "102,22,20",
            "hex": "#661614",
            "on": "#FFFFFF",
          },
          "light": Object {
            "RGB": "218,52,47",
            "hex": "#DA342F",
            "on": "#FFFFFF",
          },
          "main": Object {
            "RGB": "164,40,36",
            "hex": "#A42824",
            "on": "#FFFFFF",
          },
        },
        "secondary": Object {
          "dark": Object {
            "RGB": "5,38,59",
            "hex": "#05263B",
            "on": "#FFFFFF",
          },
          "light": Object {
            "RGB": "89,156,175",
            "hex": "#599CAF",
            "on": "#FFFFFF",
          },
          "main": Object {
            "RGB": "11,70,107",
            "hex": "#0B466B",
            "on": "#FFFFFF",
          },
        },
        "surface": Object {
          "RGB": "255,255,255",
          "hex": "#FFFFFF",
          "on": "#272727",
        },
        "white": Object {
          "RGB": "255,255,255",
          "hex": "#FFFFFF",
          "on": "#272727",
        },
      }
    }
  >
    <span
      className="c0"
    />
  </StyledComponent>
</NoResults>
`;
