// Jest Snapshot v1, https://goo.gl/fbAQLP

exports[`FormInput test single line input matches the last snapshot 1`] = `
<Container>
  <Input
    name="firstName"
    onChange={[Function]}
    type="text"
    value="Bob"
  />
  <Label>
    Label
  </Label>
</Container>
`;
