// Jest Snapshot v1, https://goo.gl/fbAQLP

exports[`Page Grid Testing should match snapshot 1`] = `
<StyledGrid
  rows={1}
>
  Hello World
</StyledGrid>
`;
