// Jest Snapshot v1, https://goo.gl/fbAQLP

exports[`RowLayout Component Test Match last snapshot 1`] = `
<StyledRowLayout>
  Test
</StyledRowLayout>
`;
