// Jest Snapshot v1, https://goo.gl/fbAQLP

exports[`Snapshot match last snapshot 1`] = `
<TextToggle
  checked={true}
  falseOption="False"
  isDisabled={false}
  onChange={[Function]}
  trueOption="True"
  width="4.5rem"
/>
`;
