// Jest Snapshot v1, https://goo.gl/fbAQLP

exports[`ConfirmationModal Component Test Match last snapshot 1`] = `
<Modal
  ariaHideApp={true}
  bodyOpenClassName="ReactModal__Body--open"
  closeTimeoutMS={0}
  contentElement={[Function]}
  isOpen={true}
  overlayElement={[Function]}
  parentSelector={[Function]}
  portalClassName="ReactModalPortal"
  preventScroll={false}
  role="dialog"
  shouldCloseOnEsc={true}
  shouldCloseOnOverlayClick={true}
  shouldFocusAfterRender={true}
  shouldReturnFocusAfterClose={true}
  style={
    Object {
      "content": Object {
        "bottom": 0,
        "height": "300px",
        "left": 0,
        "margin": "auto",
        "overflow": "visible",
        "padding": 0,
        "right": 0,
        "top": 0,
        "width": "700px",
      },
      "overlay": Object {
        "zIndex": 100,
      },
    }
  }
>
  <ConfirmationModal__InsideContainer>
    <ConfirmationModal__HeaderBar
      theme={
        Object {
          "action": Object {
            "dark": Object {
              "RGB": "79,38,98",
              "hex": "#4E2662",
              "on": "#FFFFFF",
            },
            "light": Object {
              "RGB": "173,101,207",
              "hex": "#AD65CF",
              "on": "#FFFFFF",
            },
            "main": Object {
              "RGB": "116,60,143",
              "hex": "#743C8F",
              "on": "#FFFFFF",
            },
          },
          "background": Object {
            "RGB": "246,246,246",
            "hex": "#F6F6F6",
            "on": "#272727",
          },
          "black": Object {
            "main": Object {
              "RGB": "39,39,39",
              "hex": "#272727",
              "on": "#FFFFFF",
            },
            "tint20": Object {
              "RGB": "236,236,236",
              "hex": "#ECECEC",
              "on": "#272727",
            },
            "tint40": Object {
              "RGB": "199,199,199",
              "hex": "#C7C7C7",
              "on": "#272727",
            },
            "tint60": Object {
              "RGB": "160,160,160",
              "hex": "#A0A0A0",
              "on": "#FFFFFF",
            },
            "tint80": Object {
              "RGB": "105,105,105",
              "hex": "#696969",
              "on": "#FFFFFF",
            },
          },
          "complimentary": Object {
            "dark": Object {
              "RGB": "206,185,0",
              "hex": "#CEB900",
              "on": "#272727",
            },
            "light": Object {
              "RGB": "255,245,157",
              "hex": "#FFF59D",
              "on": "#272727",
            },
            "main": Object {
              "RGB": "255,238,82",
              "hex": "#FFEE52",
              "on": "#272727",
            },
          },
          "error": Object {
            "dark": Object {
              "RGB": "197,73,1",
              "hex": "#C54901",
              "on": "#FFFFFF",
            },
            "main": Object {
              "RGB": "255,115,32",
              "hex": "#FF7320",
              "on": "#FFFFFF",
            },
          },
          "primary": Object {
            "dark": Object {
              "RGB": "102,22,20",
              "hex": "#661614",
              "on": "#FFFFFF",
            },
            "light": Object {
              "RGB": "218,52,47",
              "hex": "#DA342F",
              "on": "#FFFFFF",
            },
            "main": Object {
              "RGB": "164,40,36",
              "hex": "#A42824",
              "on": "#FFFFFF",
            },
          },
          "secondary": Object {
            "dark": Object {
              "RGB": "5,38,59",
              "hex": "#05263B",
              "on": "#FFFFFF",
            },
            "light": Object {
              "RGB": "89,156,175",
              "hex": "#599CAF",
              "on": "#FFFFFF",
            },
            "main": Object {
              "RGB": "11,70,107",
              "hex": "#0B466B",
              "on": "#FFFFFF",
            },
          },
          "surface": Object {
            "RGB": "255,255,255",
            "hex": "#FFFFFF",
            "on": "#272727",
          },
          "white": Object {
            "RGB": "255,255,255",
            "hex": "#FFFFFF",
            "on": "#272727",
          },
        }
      }
    />
    <ConfirmationModal__ContentContainer>
      I am a lovely confirmation modal
    </ConfirmationModal__ContentContainer>
    <ConfirmationModal__ButtonRow>
      <Button
        buttonType="primary"
      >
        <ButtonText
          className="yesButton"
        >
          Yes
        </ButtonText>
      </Button>
      <Button
        buttonType="primaryOutline"
      >
        <ButtonText
          className="noButton"
        >
          No
        </ButtonText>
      </Button>
    </ConfirmationModal__ButtonRow>
  </ConfirmationModal__InsideContainer>
</Modal>
`;

exports[`ConfirmationModal Component Test check function in styled components 1`] = `
.c0 {
  width: 100%;
  background-color: #A42824;
  height: 40px;
}

<ConfirmationModal__HeaderBar
  theme={
    Object {
      "action": Object {
        "dark": Object {
          "RGB": "79,38,98",
          "hex": "#4E2662",
          "on": "#FFFFFF",
        },
        "light": Object {
          "RGB": "173,101,207",
          "hex": "#AD65CF",
          "on": "#FFFFFF",
        },
        "main": Object {
          "RGB": "116,60,143",
          "hex": "#743C8F",
          "on": "#FFFFFF",
        },
      },
      "background": Object {
        "RGB": "246,246,246",
        "hex": "#F6F6F6",
        "on": "#272727",
      },
      "black": Object {
        "main": Object {
          "RGB": "39,39,39",
          "hex": "#272727",
          "on": "#FFFFFF",
        },
        "tint20": Object {
          "RGB": "236,236,236",
          "hex": "#ECECEC",
          "on": "#272727",
        },
        "tint40": Object {
          "RGB": "199,199,199",
          "hex": "#C7C7C7",
          "on": "#272727",
        },
        "tint60": Object {
          "RGB": "160,160,160",
          "hex": "#A0A0A0",
          "on": "#FFFFFF",
        },
        "tint80": Object {
          "RGB": "105,105,105",
          "hex": "#696969",
          "on": "#FFFFFF",
        },
      },
      "complimentary": Object {
        "dark": Object {
          "RGB": "206,185,0",
          "hex": "#CEB900",
          "on": "#272727",
        },
        "light": Object {
          "RGB": "255,245,157",
          "hex": "#FFF59D",
          "on": "#272727",
        },
        "main": Object {
          "RGB": "255,238,82",
          "hex": "#FFEE52",
          "on": "#272727",
        },
      },
      "error": Object {
        "dark": Object {
          "RGB": "197,73,1",
          "hex": "#C54901",
          "on": "#FFFFFF",
        },
        "main": Object {
          "RGB": "255,115,32",
          "hex": "#FF7320",
          "on": "#FFFFFF",
        },
      },
      "primary": Object {
        "dark": Object {
          "RGB": "102,22,20",
          "hex": "#661614",
          "on": "#FFFFFF",
        },
        "light": Object {
          "RGB": "218,52,47",
          "hex": "#DA342F",
          "on": "#FFFFFF",
        },
        "main": Object {
          "RGB": "164,40,36",
          "hex": "#A42824",
          "on": "#FFFFFF",
        },
      },
      "secondary": Object {
        "dark": Object {
          "RGB": "5,38,59",
          "hex": "#05263B",
          "on": "#FFFFFF",
        },
        "light": Object {
          "RGB": "89,156,175",
          "hex": "#599CAF",
          "on": "#FFFFFF",
        },
        "main": Object {
          "RGB": "11,70,107",
          "hex": "#0B466B",
          "on": "#FFFFFF",
        },
      },
      "surface": Object {
        "RGB": "255,255,255",
        "hex": "#FFFFFF",
        "on": "#272727",
      },
      "white": Object {
        "RGB": "255,255,255",
        "hex": "#FFFFFF",
        "on": "#272727",
      },
    }
  }
>
  <StyledComponent
    forwardedComponent={
      Object {
        "$$typeof": Symbol(react.forward_ref),
        "_foldedDefaultProps": Object {
          "theme": Object {
            "action": Object {
              "dark": Object {
                "RGB": "79,38,98",
                "hex": "#4E2662",
                "on": "#FFFFFF",
              },
              "light": Object {
                "RGB": "173,101,207",
                "hex": "#AD65CF",
                "on": "#FFFFFF",
              },
              "main": Object {
                "RGB": "116,60,143",
                "hex": "#743C8F",
                "on": "#FFFFFF",
              },
            },
            "background": Object {
              "RGB": "246,246,246",
              "hex": "#F6F6F6",
              "on": "#272727",
            },
            "black": Object {
              "main": Object {
                "RGB": "39,39,39",
                "hex": "#272727",
                "on": "#FFFFFF",
              },
              "tint20": Object {
                "RGB": "236,236,236",
                "hex": "#ECECEC",
                "on": "#272727",
              },
              "tint40": Object {
                "RGB": "199,199,199",
                "hex": "#C7C7C7",
                "on": "#272727",
              },
              "tint60": Object {
                "RGB": "160,160,160",
                "hex": "#A0A0A0",
                "on": "#FFFFFF",
              },
              "tint80": Object {
                "RGB": "105,105,105",
                "hex": "#696969",
                "on": "#FFFFFF",
              },
            },
            "complimentary": Object {
              "dark": Object {
                "RGB": "206,185,0",
                "hex": "#CEB900",
                "on": "#272727",
              },
              "light": Object {
                "RGB": "255,245,157",
                "hex": "#FFF59D",
                "on": "#272727",
              },
              "main": Object {
                "RGB": "255,238,82",
                "hex": "#FFEE52",
                "on": "#272727",
              },
            },
            "error": Object {
              "dark": Object {
                "RGB": "197,73,1",
                "hex": "#C54901",
                "on": "#FFFFFF",
              },
              "main": Object {
                "RGB": "255,115,32",
                "hex": "#FF7320",
                "on": "#FFFFFF",
              },
            },
            "primary": Object {
              "dark": Object {
                "RGB": "102,22,20",
                "hex": "#661614",
                "on": "#FFFFFF",
              },
              "light": Object {
                "RGB": "218,52,47",
                "hex": "#DA342F",
                "on": "#FFFFFF",
              },
              "main": Object {
                "RGB": "164,40,36",
                "hex": "#A42824",
                "on": "#FFFFFF",
              },
            },
            "secondary": Object {
              "dark": Object {
                "RGB": "5,38,59",
                "hex": "#05263B",
                "on": "#FFFFFF",
              },
              "light": Object {
                "RGB": "89,156,175",
                "hex": "#599CAF",
                "on": "#FFFFFF",
              },
              "main": Object {
                "RGB": "11,70,107",
                "hex": "#0B466B",
                "on": "#FFFFFF",
              },
            },
            "surface": Object {
              "RGB": "255,255,255",
              "hex": "#FFFFFF",
              "on": "#272727",
            },
            "white": Object {
              "RGB": "255,255,255",
              "hex": "#FFFFFF",
              "on": "#272727",
            },
          },
        },
        "attrs": Array [],
        "componentStyle": ComponentStyle {
          "componentId": "ConfirmationModal__HeaderBar-sc-1lf36yh-0",
          "isStatic": false,
          "lastClassName": "c0",
          "rules": Array [
            "width:100%;background-color:",
            [Function],
            ";height:40px;",
          ],
        },
        "displayName": "ConfirmationModal__HeaderBar",
        "foldedComponentIds": Array [],
        "render": [Function],
        "styledComponentId": "ConfirmationModal__HeaderBar-sc-1lf36yh-0",
        "target": "div",
        "toString": [Function],
        "warnTooManyClasses": [Function],
        "withComponent": [Function],
      }
    }
    forwardedRef={null}
    theme={
      Object {
        "action": Object {
          "dark": Object {
            "RGB": "79,38,98",
            "hex": "#4E2662",
            "on": "#FFFFFF",
          },
          "light": Object {
            "RGB": "173,101,207",
            "hex": "#AD65CF",
            "on": "#FFFFFF",
          },
          "main": Object {
            "RGB": "116,60,143",
            "hex": "#743C8F",
            "on": "#FFFFFF",
          },
        },
        "background": Object {
          "RGB": "246,246,246",
          "hex": "#F6F6F6",
          "on": "#272727",
        },
        "black": Object {
          "main": Object {
            "RGB": "39,39,39",
            "hex": "#272727",
            "on": "#FFFFFF",
          },
          "tint20": Object {
            "RGB": "236,236,236",
            "hex": "#ECECEC",
            "on": "#272727",
          },
          "tint40": Object {
            "RGB": "199,199,199",
            "hex": "#C7C7C7",
            "on": "#272727",
          },
          "tint60": Object {
            "RGB": "160,160,160",
            "hex": "#A0A0A0",
            "on": "#FFFFFF",
          },
          "tint80": Object {
            "RGB": "105,105,105",
            "hex": "#696969",
            "on": "#FFFFFF",
          },
        },
        "complimentary": Object {
          "dark": Object {
            "RGB": "206,185,0",
            "hex": "#CEB900",
            "on": "#272727",
          },
          "light": Object {
            "RGB": "255,245,157",
            "hex": "#FFF59D",
            "on": "#272727",
          },
          "main": Object {
            "RGB": "255,238,82",
            "hex": "#FFEE52",
            "on": "#272727",
          },
        },
        "error": Object {
          "dark": Object {
            "RGB": "197,73,1",
            "hex": "#C54901",
            "on": "#FFFFFF",
          },
          "main": Object {
            "RGB": "255,115,32",
            "hex": "#FF7320",
            "on": "#FFFFFF",
          },
        },
        "primary": Object {
          "dark": Object {
            "RGB": "102,22,20",
            "hex": "#661614",
            "on": "#FFFFFF",
          },
          "light": Object {
            "RGB": "218,52,47",
            "hex": "#DA342F",
            "on": "#FFFFFF",
          },
          "main": Object {
            "RGB": "164,40,36",
            "hex": "#A42824",
            "on": "#FFFFFF",
          },
        },
        "secondary": Object {
          "dark": Object {
            "RGB": "5,38,59",
            "hex": "#05263B",
            "on": "#FFFFFF",
          },
          "light": Object {
            "RGB": "89,156,175",
            "hex": "#599CAF",
            "on": "#FFFFFF",
          },
          "main": Object {
            "RGB": "11,70,107",
            "hex": "#0B466B",
            "on": "#FFFFFF",
          },
        },
        "surface": Object {
          "RGB": "255,255,255",
          "hex": "#FFFFFF",
          "on": "#272727",
        },
        "white": Object {
          "RGB": "255,255,255",
          "hex": "#FFFFFF",
          "on": "#272727",
        },
      }
    }
  >
    <div
      className="c0"
    />
  </StyledComponent>
</ConfirmationModal__HeaderBar>
`;
