// Jest Snapshot v1, https://goo.gl/fbAQLP

exports[`List Items Testing Snapshot Testing 1`] = `
<ThemeProvider
  theme="examplePalette"
/>
`;
